
> veritas-app@0.1.0 build
> next build

Γû▓ Next.js 16.1.6 (Turbopack)
- Environments: .env.local

  Creating an optimized production build ...
node.exe : Error: Can't resolve 
'tw-animate-css' in 'C:\Antigrav
ity\veritas-app\src\app'
At line:1 char:1
+ & "C:\Program 
Files\nodejs/node.exe" 
"C:\Program 
Files\nodejs/node_mo ...
+ ~~~~~~~~~~~~~~~~~~~~~~~~~~~~~~
~~~~~~~~~~~~~~~~~~~~~~~~~~~~~~~~
~~~~~~~
    + CategoryInfo          : N 
   otSpecified: (Error: Can't   
  re...as-app\src\app':String   
 ) [], RemoteException
    + FullyQualifiedErrorId : N 
   ativeCommandError
 
    [2m[at 
finishWithoutResolve (C:\Antigra
vity\veritas-app\node_modules\en
hanced-resolve\lib\Resolver.js:5
86:18)][0m
    [2m[at C:\Antigravity\verit
as-app\node_modules\enhanced-res
olve\lib\Resolver.js:678:14][0m
    [2m[at C:\Antigravity\verit
as-app\node_modules\enhanced-res
olve\lib\Resolver.js:739:5][0m
    [2m[at eval (eval at 
create (C:\Antigravity\veritas-a
pp\node_modules\tapable\lib\Hook
CodeFactory.js:31:10), 
<anonymous>:15:1)][0m
    [2m[at C:\Antigravity\verit
as-app\node_modules\enhanced-res
olve\lib\Resolver.js:739:5][0m
    [2m[at eval (eval at 
create (C:\Antigravity\veritas-a
pp\node_modules\tapable\lib\Hook
CodeFactory.js:31:10), 
<anonymous>:27:1)][0m
    [2m[at C:\Antigravity\verit
as-app\node_modules\enhanced-res
olve\lib\DescriptionFilePlugin.j
s:89:43][0m
    [2m[at C:\Antigravity\verit
as-app\node_modules\enhanced-res
olve\lib\Resolver.js:739:5][0m
    [2m[at eval (eval at 
create (C:\Antigravity\veritas-a
pp\node_modules\tapable\lib\Hook
CodeFactory.js:31:10), 
<anonymous>:15:1)][0m
    [2m[at C:\Antigravity\verit
as-app\node_modules\enhanced-res
olve\lib\Resolver.js:739:5][0m 
{
  details: "resolve 
'tw-animate-css' in 'C:\\Antigra
vity\\veritas-app\\src\\app'\n" 
+
    '  Parsed request is a 
module\n' +
    '  using description file: C
:\\Antigravity\\veritas-app\\pac
kage.json (relative path: 
./src/app)\n' +
    '    resolve as module\n' +
    "      C:\\Antigravity\\veri
tas-app\\src\\app\\node_modules 
doesn't exist or is not a 
directory\n" +
    "      C:\\Antigravity\\veri
tas-app\\src\\node_modules 
doesn't exist or is not a 
directory\n" +
    '      looking for modules 
in C:\\Antigravity\\veritas-app\
\node_modules\n' +
    '        single file 
module\n' +
    '          using 
description file: C:\\Antigravit
y\\veritas-app\\package.json 
(relative path: ./node_modules/t
w-animate-css)\n' +
    '            no 
extension\n' +
    "              C:\\Antigravi
ty\\veritas-app\\node_modules\\t
w-animate-css doesn't exist\n" +
    '            .css\n' +
    "              C:\\Antigravi
ty\\veritas-app\\node_modules\\t
w-animate-css.css doesn't 
exist\n" +
    "        C:\\Antigravity\\ve
ritas-app\\node_modules\\tw-anim
ate-css doesn't exist\n" +
    "      
C:\\Antigravity\\node_modules 
doesn't exist or is not a 
directory\n" +
    "      C:\\node_modules 
doesn't exist or is not a 
directory"
}

> Build error occurred
Error: Turbopack build failed 
with 1 errors:
./src/app/globals.css
Error evaluating Node.js code
CssSyntaxError: tailwindcss: C:\
Antigravity\veritas-app\src\app\
globals.css:1:1: Can't resolve 
'tw-animate-css' in 'C:\Antigrav
ity\veritas-app\src\app'
    at Input.error (node_modules
/postcss/lib/input.js:135:16) [C
:\Antigravity\veritas-app\.next\
build\chunks\node_modules_fe693d
f6._.js:4651:22]
    at Root.error (node_modules/
postcss/lib/node.js:146:32) [C:\
Antigravity\veritas-app\.next\bu
ild\chunks\node_modules_fe693df6
._.js:928:38]
    [at Object.Once (C:\Antigrav
ity\veritas-app\node_modules\@ta
ilwindcss\postcss\dist\index.js:
10:6911)]
    [at process.processTicksAndR
ejections (node:internal/process
/task_queues:103:5)]
    at async 
LazyResult.runAsync (node_module
s/postcss/lib/lazy-result.js:293
:11) [C:\Antigravity\veritas-app
\.next\build\chunks\node_modules
_fe693df6._.js:6206:21]
    at async transform (turbopac
k:///[turbopack-node]/transforms
/postcss.ts:70:34) [C:\Antigravi
ty\veritas-app\.next\build\chunk
s\[root-of-the-server]__51225daf
._.js:146:36]
    at async run (turbopack:///[
turbopack-node]/ipc/evaluate.ts:
92:23) [C:\Antigravity\veritas-a
pp\.next\build\chunks\[root-of-t
he-server]__974941ed._.js:443:31
]

Import trace:
  Client Component Browser:
    ./src/app/globals.css 
[Client Component Browser]
    ./src/app/layout.tsx 
[Server Component]


    at async transform (turbopac
k:///[turbopack-node]/transforms
/postcss.ts:70:34) [C:\Antigravi
ty\veritas-app\.next\build\chunk
s\[root-of-the-server]__51225daf
._.js:146:36])
    at async run (turbopack:///[
turbopack-node]/ipc/evaluate.ts:
92:23) [C:\Antigravity\veritas-a
pp\.next\build\chunks\[root-of-t
he-server]__974941ed._.js:443:31
])
