
> veritas-app@0.1.0 build
> next build

Γû▓ Next.js 16.1.6 (Turbopack)
- Environments: .env.local

  Creating an optimized production build ...
Γ£ô Compiled successfully in 1706.0ms
  Running TypeScript ...
node.exe : Failed to compile.
At line:1 char:1
+ & "C:\Program 
Files\nodejs/node.exe" "C:\Program 
Files\nodejs/node_mo ...
+ ~~~~~~~~~~~~~~~~~~~~~~~~~~~~~~~~~~~~
~~~~~~~~~~~~~~~~~~~~~~~~~~~~~~~~~
    + CategoryInfo          : NotSpec 
   ified: (Failed to compile.:String  
  ) [], RemoteException
    + FullyQualifiedErrorId : NativeC 
   ommandError
 

./src/app/actions/user-actions.ts:38:4
8
Type error: No overload matches this 
call.
  Overload 1 of 2, '(supabaseUrl: 
string, supabaseKey: string, options: 
SupabaseClientOptions<"public"> & { 
cookieOptions?: CookieOptionsWithName 
| undefined; cookies: 
CookieMethodsServerDeprecated; 
cookieEncoding?: "raw" | ... 1 more 
... | undefined; }): 
SupabaseClient<...>', gave the 
following error.
    Argument of type 'string | 
undefined' is not assignable to 
parameter of type 'string'.
      Type 'undefined' is not 
assignable to type 'string'.
  Overload 2 of 2, '(supabaseUrl: 
string, supabaseKey: string, options: 
SupabaseClientOptions<"public"> & { 
cookieOptions?: CookieOptionsWithName 
| undefined; cookies: 
CookieMethodsServer; cookieEncoding?: 
"raw" | ... 1 more ... | undefined; 
}): SupabaseClient<...>', gave the 
following error.
    Argument of type 'string | 
undefined' is not assignable to 
parameter of type 'string'.
      Type 'undefined' is not 
assignable to type 'string'.

[0m [90m 36 |[39m         [90m// 
A. Check for Creator Login (Supabase 
Auth)[39m
 [90m 37 |[39m         
[36mconst[39m supabaseKey 
[33m=[39m process[33m.[39menv[33m
.[39m[33mNEXT_PUBLIC_SUPABASE_ANON_K
EY[39m [33m||[39m 
[32m'dummy_key'[39m[33m;[39m
[31m[1m>[22m[39m[90m 38 |[39m   
      [36mconst[39m supabaseSsR 
[33m=[39m createServerClient(supabas
eUrl[33m,[39m 
supabaseKey[33m,[39m {
 [90m    |[39m                      
                          
[31m[1m^[22m[39m
 [90m 39 |[39m             
cookies[33m:[39m {
 [90m 40 |[39m                 
getAll() { [36mreturn[39m 
cookieStore[33m.[39mgetAll() 
}[33m,[39m
 [90m 41 |[39m                 
setAll() { } [90m// 
Read-only[39m[0m
Next.js build worker exited with 
code: 1 and signal: null
