Loading env from: C:\Antigravity\veritas-app\.env.local
[dotenv@17.2.4] injecting env (4) from .env.local -- tip: ΓÜÖ∩╕Å  enable debug logging with { debug: true }
1. Fetching a video to test with...
Found video: Productivity SHIFT that took me from $240/mo to $9,750mo (ID: tDgtwFoq_gU)
2. Logging 120 seconds of watch time...
node.exe : Error logging 
watch time: {
At line:1 char:1
+ & "C:\Program 
Files\nodejs/node.exe" 
"C:\Program 
Files\nodejs/node_mo ...
+ ~~~~~~~~~~~~~~~~~~~~~~~~~~~~
~~~~~~~~~~~~~~~~~~~~~~~~~~~~~~
~~~~~~~~~~~
    + CategoryInfo          : 
    NotSpecified: (Error log  
  ging watch time: {:String   
 ) [], RemoteException
    + FullyQualifiedErrorId : 
    NativeCommandError
 
  code: 'PGRST202',
  details: 'Searched for the 
function public.track_creator_
watch_time with parameters 
p_seconds, p_video_id or with 
a single unnamed json/jsonb 
parameter, but no matches 
were found in the schema 
cache.',
  hint: null,
  message: 'Could not find 
the function public.track_crea
tor_watch_time(p_seconds, 
p_video_id) in the schema 
cache'
}
FAILURE: Could not log watch 
time: Could not find the 
function public.track_creator_
watch_time(p_seconds, 
p_video_id) in the schema 
cache
NOTE: This might fail if the migration hasn't been applied yet or if the user is not authenticated (which this script isn't by default without a session).
